[old.leu.zuerich/index.html]
[backblue.gif]
[fade.gif]
[index.html]
[old.leu.zuerich/wp-json/oembed/1.0/embed7d6c.json]
[old.leu.zuerich/hom/feed/index.html]
[old.leu.zuerich/en/index.html]
[old.leu.zuerich/es/index.html]
[old.leu.zuerich/fr/index.html]
[old.leu.zuerich/wp-json/oembed/1.0/embed811e]
[old.leu.zuerich/wp-includes/css/dist/block-library/style.minb34e.css]
[old.leu.zuerich/wp-content/themes/LEU/styleebfd.css]
[old.leu.zuerich/wp-includes/js/jquery/jquery.minf43b.js]
[old.leu.zuerich/wp-includes/js/jquery/jquery-migrate.min5589.js]
[old.leu.zuerich/wp-content/plugins/sitepress-multilingual-cms/res/js/cookies/language-cookiee91a.js]
[old.leu.zuerich/wp-json/wp/v2/pages/2.json]
[old.leu.zuerich/wp-json/index.html]
[old.leu.zuerich/wp-content/uploads/2022/02/cropped-Icon_Leu-32x32.png]
[old.leu.zuerich/index0db0.html]
[old.leu.zuerich/wp-content/uploads/2022/02/cropped-Icon_Leu-192x192.png]
[old.leu.zuerich/wp-content/uploads/2022/02/cropped-Icon_Leu-180x180.png]
[old.leu.zuerich/wp-content/uploads/2022/02/Encointer_Headerbild_1440x1024.jpg]
[old.leu.zuerich/gewerbe/index.html]
[old.leu.zuerich/bazaar/index.html]
[old.leu.zuerich/wp-content/uploads/2022/02/shutterstock_92597140.10.delayed]
[old.leu.zuerich/demurrage/index.html]
[old.leu.zuerich/endorsement-programm/index.html]
[old.leu.zuerich/wp-content/themes/LEU/toolsebfd.js]
[old.leu.zuerich/ausschreibung/index.html]
[old.leu.zuerich/index.html]
[old.leu.zuerich/en/wp-json/oembed/1.0/embed3cea.json]
[old.leu.zuerich/en/front-page/feed/index.html]
[old.leu.zuerich/en/wp-json/oembed/1.0/embed6ef0]
[old.leu.zuerich/wp-content/themes/LEU/styled357.css]
[old.leu.zuerich/en/wp-json/wp/v2/pages/158.json]
[old.leu.zuerich/wp-content/themes/LEU/toolsd357.js]
[old.leu.zuerich/en/wp-json/index.html]
[old.leu.zuerich/en/index.html]
[old.leu.zuerich/en/industry/index.html]
[old.leu.zuerich/en/bazaar/index.html]
[old.leu.zuerich/es/wp-json/oembed/1.0/embede6a9.json]
[old.leu.zuerich/es/hom/feed/index.html]
[old.leu.zuerich/es/wp-json/oembed/1.0/embeda392]
[old.leu.zuerich/es/wp-json/wp/v2/pages/252.json]
[old.leu.zuerich/es/index.html]
[old.leu.zuerich/fr/wp-json/oembed/1.0/embed9687.json]
[old.leu.zuerich/es/wp-json/index.html]
[old.leu.zuerich/fr/front-page/feed/index.html]
[old.leu.zuerich/fr/wp-json/oembed/1.0/embed795a]
[old.leu.zuerich/fr/wp-json/wp/v2/pages/414.json]
[old.leu.zuerich/fr/index.html]
[old.leu.zuerich/wp-includes/css/dist/block-library/style.minb34e.css]
[old.leu.zuerich/fr/wp-json/index.html]
[old.leu.zuerich/wp-content/themes/LEU/styleebfd.css]
[old.leu.zuerich/wp-content/themes/LEU/styleea68.css]
[old.leu.zuerich/wp-content/themes/LEU/toolsea68.js]
[old.leu.zuerich/index0db0.html]
[old.leu.zuerich/wp-json/oembed/1.0/embed8c36.json]
[old.leu.zuerich/gewerbe/feed/index.html]
[old.leu.zuerich/fr/commerce/index.html]
[old.leu.zuerich/es/comercio/index.html]
[old.leu.zuerich/wp-json/oembed/1.0/embed1d05]
[old.leu.zuerich/wp-content/themes/LEU/style0256.css]
[old.leu.zuerich/wp-json/wp/v2/pages/176.json]
[old.leu.zuerich/wp-content/uploads/2022/03/shutterstock_1092078692-scaled.jpg]
[old.leu.zuerich/wp-content/themes/LEU/tools0256.js]
[old.leu.zuerich/gewerbe/index.html]
[old.leu.zuerich/wp-json/oembed/1.0/embeda601.json]
[old.leu.zuerich/bazaar/feed/index.html]
[old.leu.zuerich/wp-json/oembed/1.0/embed9db2]
[old.leu.zuerich/wp-content/themes/LEU/style34a2.css]
[old.leu.zuerich/wp-json/wp/v2/pages/58.json]
[old.leu.zuerich/wp-content/uploads/2022/02/Variante_3-scaled.jpg]
[old.leu.zuerich/wp-content/themes/LEU/tools34a2.js]
[old.leu.zuerich/bazaar/index.html]
[old.leu.zuerich/wp-json/oembed/1.0/embed4d44.json]
[old.leu.zuerich/demurrage/feed/index.html]
[old.leu.zuerich/en/demurrage/index.html]
[old.leu.zuerich/wp-json/oembed/1.0/embed0155]
[old.leu.zuerich/wp-content/themes/LEU/style3a01.css]
[old.leu.zuerich/wp-json/wp/v2/pages/687.json]
[old.leu.zuerich/wp-content/uploads/2023/06/DSF1549.jpg]
[old.leu.zuerich/wp-content/themes/LEU/tools3a01.js]
[old.leu.zuerich/demurrage/index.html]
[old.leu.zuerich/wp-json/oembed/1.0/embed8208.json]
[old.leu.zuerich/endorsement-programm/feed/index.html]
[old.leu.zuerich/wp-json/oembed/1.0/embedcb6f]
[old.leu.zuerich/wp-json/wp/v2/pages/1469.json]
[old.leu.zuerich/wp-content/uploads/2023/05/DSF0539.jpg]
[old.leu.zuerich/endorsement-programm/index.html]
[old.leu.zuerich/wp-json/oembed/1.0/embed4b74.json]
[old.leu.zuerich/wp-json/oembed/1.0/embed242b]
[old.leu.zuerich/wp-content/themes/LEU/style56ab.css]
[old.leu.zuerich/wp-json/wp/v2/pages/767.json]
[old.leu.zuerich/wp-content/themes/LEU/tools56ab.js]
[old.leu.zuerich/ausschreibung/index.html]
[old.leu.zuerich/wp-content/themes/LEU/styled357.css]
[old.leu.zuerich/en/wp-json/oembed/1.0/embed668e.json]
[old.leu.zuerich/en/industry/feed/index.html]
[old.leu.zuerich/en/wp-json/oembed/1.0/embedfe13]
[old.leu.zuerich/wp-content/themes/LEU/style7243.css]
[old.leu.zuerich/en/wp-json/wp/v2/pages/326.json]
[old.leu.zuerich/wp-content/themes/LEU/tools7243.js]
[old.leu.zuerich/en/industry/index.html]
[old.leu.zuerich/en/wp-json/oembed/1.0/embed1336.json]
[old.leu.zuerich/en/bazaar/feed/index.html]
[old.leu.zuerich/en/wp-json/oembed/1.0/embed378c]
[old.leu.zuerich/en/wp-json/wp/v2/pages/840.json]
[old.leu.zuerich/en/bazaar/index.html]
[old.leu.zuerich/wp-content/themes/LEU/img/leu.svg]
[old.leu.zuerich/wp-content/themes/LEU/styleea68.css]
[old.leu.zuerich/es/wp-json/oembed/1.0/embed0dfd.json]
[old.leu.zuerich/es/comercio/feed/index.html]
[old.leu.zuerich/es/wp-json/oembed/1.0/embed4922]
[old.leu.zuerich/wp-content/themes/LEU/styleaac1.css]
[old.leu.zuerich/es/wp-json/wp/v2/pages/306.json]
[old.leu.zuerich/wp-content/themes/LEU/toolsaac1.js]
[old.leu.zuerich/es/comercio/index.html]
[old.leu.zuerich/fr/wp-json/oembed/1.0/embede600.json]
[old.leu.zuerich/fr/commerce/feed/index.html]
[old.leu.zuerich/fr/wp-json/oembed/1.0/embed449c]
[old.leu.zuerich/fr/wp-json/wp/v2/pages/430.json]
[old.leu.zuerich/fr/commerce/index.html]
[old.leu.zuerich/wp-content/themes/LEU/style0256.css]
[old.leu.zuerich/index3440.html]
[old.leu.zuerich/wp-content/themes/LEU/style34a2.css]
[old.leu.zuerich/indexe9b4.html]
[old.leu.zuerich/en/wp-json/oembed/1.0/embedb618.json]
[old.leu.zuerich/en/wp-json/oembed/1.0/embeda342]
[old.leu.zuerich/wp-content/themes/LEU/style5bc7.css]
[old.leu.zuerich/en/demurrage/feed/index.html]
[old.leu.zuerich/en/wp-json/wp/v2/pages/1370.json]
[old.leu.zuerich/wp-content/themes/LEU/tools5bc7.js]
[old.leu.zuerich/en/demurrage/index.html]
[old.leu.zuerich/wp-content/themes/LEU/style3a01.css]
[old.leu.zuerich/indexcbf7.html]
[old.leu.zuerich/indexccf7.html]
[old.leu.zuerich/wp-content/themes/LEU/style56ab.css]
[old.leu.zuerich/indexf66f.html]
[old.leu.zuerich/wp-content/themes/LEU/style7243.css]
[old.leu.zuerich/en/index4bd3.html]
[old.leu.zuerich/en/index7cb7.html]
[old.leu.zuerich/wp-content/themes/LEU/styleaac1.css]
[old.leu.zuerich/es/indexf167.html]
[old.leu.zuerich/fr/indexbdc5.html]
[old.leu.zuerich/wp-content/themes/LEU/style5bc7.css]
[old.leu.zuerich/en/index8348.html]
